Karan
Karan1
2
1
0.2
5
1
1
1
Karan
92e11d6d-6d91-4f9f-9dc3-030db1a2bb46
cbbd5f28-7b3d-4b60-adc5-16d8a872649d
Sri Lanka
7f51f333-0e9d-487c-89ab-6a4f70c2a528
ffeda630-d8c4-479d-a7b8-a23d9efe0998
18
Karan
14dfd831-9770-4aab-8ba3-e1c246282c55
2818790b-57d5-478f-9a19-627b083a7ce8
Sri Lanka
b7c6e7f0-7ff2-4c59-ab2a-0a4dc87e38ad
ad943fea-726c-4d3b-b130-4b63ea875c0d
2
2
India
46
358
50000
10
Karan
260e1dd1-43ba-41cf-853a-ac824a9462e9
57730b07-5556-485a-aba8-c30816a27d45
US
b3afd9dd-eafa-4d9b-b562-00957a4efda3
1d02f71a-0148-44c7-8e0c-3c1dc5ce5a1a
50000
1250025000
50000
25000.500000000055
50000
1
Sri Lanka
10005
249599093
10005
24947.43558220884
49995
1
China
10096
253123922
10096
25071.70384310621
49999
8
UK
9979
249314186
9979
24983.88475799173
49992
7
India
9993
250298051
9993
25047.338236765838
49991
5
US
9927
247689748
9927
24951.117961116135
50000
10
Sri Lanka
10005
1
10005
24947.43558220884
China
10096
0
10096
25071.70384310621
UK
9979
0
9979
24983.88475799173
India
9993
0
9993
25047.338236765838
US
9927
0
9927
24951.117961116135
China
10096
India
9993
Sri Lanka
10005
UK
9979
US
9927
US
9927
UK
9979
India
9993
Sri Lanka
10005
China
10096
US
9927
Sri Lanka
10005
China
10096
UK
9979
India
9993
US
9927
999988
999988
US
198368
UK
199671
Sri Lanka
200169
India
199297
China
202466
0
0
0
test
1.23123
1
2
2022-06-22 23:35:53.000000
true
12
1
1
2022-06-22T23:35:53.132976
313644364d37504e337737436e386d4a79726d7255535a5939756d6d4d6635514347454d7569536d536c773d
23:35:53.132976
12.2
12.33
2022-06-22
1
1
Karan
92e11d6d-6d91-4f9f-9dc3-030db1a2bb46
cbbd5f28-7b3d-4b60-adc5-16d8a872649d
Sri Lanka
7f51f333-0e9d-487c-89ab-6a4f70c2a528
ffeda630-d8c4-479d-a7b8-a23d9efe0998
43737
fuschia
15362
windows
8084
ios
43576
ios
3
8084
submit
ios
laptop
61ca6ea5-4fce-41af-af70-1ea86907c830
713
86fb8b55-143e-4b3c-95d7-ce4dc1a07f58
948fcf20-0722-4f1d-b9da-5c4a299865a8
1
45018
pay
android
android_phone
27bd6e6f-5456-4a6e-a2a7-6b1f4611e089
3631
66288f7f-9661-4a46-80c5-fa1d8802a14c
e7afde80-e2ff-4de1-9bf2-8fa5366ff216
2
39899
click
android
iphone
4ba2a4ed-13ac-44c1-a394-a60de7dd611d
8205
99843321-9cb2-43d9-a655-7c910f642de5
43090e1d-53a1-4e93-ac7c-a50b9c5c1da5
3
8084
submit
ios
laptop
61ca6ea5-4fce-41af-af70-1ea86907c830
713
86fb8b55-143e-4b3c-95d7-ce4dc1a07f58
948fcf20-0722-4f1d-b9da-5c4a299865a8
1
45018
pay
android
android_phone
27bd6e6f-5456-4a6e-a2a7-6b1f4611e089
3631
66288f7f-9661-4a46-80c5-fa1d8802a14c
e7afde80-e2ff-4de1-9bf2-8fa5366ff216
2
39899
click
android
iphone
4ba2a4ed-13ac-44c1-a394-a60de7dd611d
8205
99843321-9cb2-43d9-a655-7c910f642de5
43090e1d-53a1-4e93-ac7c-a50b9c5c1da5
3
8084
submit
ios
laptop
61ca6ea5-4fce-41af-af70-1ea86907c830
713
86fb8b55-143e-4b3c-95d7-ce4dc1a07f58
948fcf20-0722-4f1d-b9da-5c4a299865a8
1
45018
pay
android
android_phone
27bd6e6f-5456-4a6e-a2a7-6b1f4611e089
3631
66288f7f-9661-4a46-80c5-fa1d8802a14c
e7afde80-e2ff-4de1-9bf2-8fa5366ff216
1
45018
pay
android
android_phone
27bd6e6f-5456-4a6e-a2a7-6b1f4611e089
3631
66288f7f-9661-4a46-80c5-fa1d8802a14c
e7afde80-e2ff-4de1-9bf2-8fa5366ff216
1
45018
pay
android
android_phone
27bd6e6f-5456-4a6e-a2a7-6b1f4611e089
3631
66288f7f-9661-4a46-80c5-fa1d8802a14c
e7afde80-e2ff-4de1-9bf2-8fa5366ff216
{1,2,3}
{Sai,sai,3}
{"Sai,sai,3}
hash2
solana
123.12312.123
12312.122
2022-08-29 20:42:13.000000
hash1
solana
123.12312.123
12312.122
2022-08-29 20:40:37.000000
hash2
solana
123.12312.123
12312.122
2022-08-29 20:42:13.000000
hash1
solana
123.12312.123
12312.122
2022-08-29 20:40:37.000000
{test}
{1.23123}
{1}
{2022-06-22T23:35:53.132976}
{2022-06-22}
{solana,solana}
17
solana
solana
2022-08-01 00:00:00.000000
2
