1
4294967296
-4294967296
4294967297
4294967295
281474976710656
1
f
t
2005-10-10
2005-10-10 00:00:00.000000
2005-10-11 00:00:00.000000
15:13:33.893341
15:13:16.893341
1
-1
1726
-3
3.1415
2.1114999961853025
1
2.7182818284
4000000000003
123.45
123.45
122.25
-76.75
123
43423424234242342342432432423432432432432432424323.65
123450.00
23
Lorem ipsum dolor sit amet, consectetur adipiscing elit, sed do eiusmod tempor incididunt ut labore et dolore magna aliqua. Ut enim ad minim veniam, quis nostrud exercitation ullamco laboris nisi ut aliquip ex ea commodo consequat. Duis aute irure dolor in reprehenderit in voluptate velit esse cillum dolore eu fugiat nulla pariatur. Excepteur sint occaecat cupidatat non proident, sunt in culpa qui officia deserunt mollit anim id est laborum
m ipsu
2011-11-11 00:34:56.000000
2011-11-11 00:34:56.000000+00
2012-12-12 00:34:57.000000
2222-02-22 15:38:07.000000+00
2222-02-22 15:38:07.000000
2113-07-14 15:36:27.000000+00
deadbeef
4
63e8c671-7562-4809-b42a-cd8c2d121b12
{"address":"947 Montana Place, Lacomb, Maine, 4927","age":36,"balance":"$1,331.54","company":"PROFLEX","email":"adrianfarley@proflex.com","eyeColor":"blue","gender":"female","guid":"bf8b20d9-c9d7-4d9e-b52d-f6e26dcb1d6e","index":0,"isActive":false,"latitude":-26.125532,"longitude":174.541577,"name":"Adrian Farley","phone":"+1 (815) 475-2975","picture":"http://placehold.it/32x32","registered":"2015-04-06T11:47:48 -06:-30"}
36
"female"
192.168.1.100
2001:db8:85a3::8a2e:370:7334
2001:db8:85a3::8a2e:370:7334/128
192.168.0.0/24
2001:db8::/48
255.255.255.0
192.168.0.0/24
17
t
26
17
t
26
24
t
26
24
t
26
1
t
1
