doe
doe1
2
1
0.200000
5
1
1
1
doe
Mppp10g1Ax
India
uzr6JYai1bpzUnmq6L7EDIcnCIT1QZe7NzE8BZJ3Ox4ia7EkjinPx9e0d6L3QssX66bOsadArDgB9bHQSA48cB91trc2du4y0LRU
IRUUHtGVS4XJljdyJP1ZbFioJLAcVMdrRaZQliRX5GFVfyo8cG8hwr7eXVJP8qUKaJ2BFx93HQSQvhIuS9hZzKJuV9fuS0Umex5g
1
doe
Mppp10g1Ax
India
uzr6JYai1bpzUnmq6L7EDIcnCIT1QZe7NzE8BZJ3Ox4ia7EkjinPx9e0d6L3QssX66bOsadArDgB9bHQSA48cB91trc2du4y0LRU
IRUUHtGVS4XJljdyJP1ZbFioJLAcVMdrRaZQliRX5GFVfyo8cG8hwr7eXVJP8qUKaJ2BFx93HQSQvhIuS9hZzKJuV9fuS0Umex5g
2
daniel
xZu63r0eL3
paul@hell.com
Pakistan
lMHi526WlWHyhXZvIpAo4tO0iq68A8eb63yoy26NxaRC0NVYZWvtJp2MOpRUrBbJk4zpeK9uR4vfDAkaMNoA4OwNfxIKPs65F9iy
YXjn5EnvojVLANqE7ACg584dmMe2JhF06eYRzM5Ug9sN8xrxT5Ix9klsWznociUtvFOvgPd65EbWGbRlUYdlW0nIx5RgSAxWrR7I
2
2
Pakistan
3
16
70000
16
doe
EWsRsci0rp
ben@hello.com
US
1wLH90wjmIbmSp2OyxpbI7qUE4nKgY2t8EKFvbDD8mxMkE9RONKeKtfgwqbxzQOTsWr5F8V5ygkDPngRHfbXVpnlVR5xUGAa2bxR
9hkScUQZQ3BKUPBlKlD00Corg9R5sANkMgDosiLi0sFP0p2lDDCxIfEvRfqJc18S1u3wER0Z9NNzPkXTFKrEBBEWjqK215mMJ82s
59701
2089439980
59701
34998.408402
70000
1
India
9954
345984010
9954
34758.289130
69999
1
Pakistan
9906
350946757
9906
35427.696043
69988
2
China
9867
344705613
9867
34935.199453
69994
3
Russia
9908
346010808
9908
34922.366572
69986
6
Indonesia
10043
350899597
10043
34939.718909
69995
13
US
10023
350893195
10023
35008.799262
70000
16
India
9954
1
9954
34758.289130
Pakistan
9906
0
9906
35427.696043
China
9867
0
9867
34935.199453
Russia
9908
0
9908
34922.366572
Indonesia
10043
0
10043
34939.718909
US
10023
0
10023
35008.799262
China
9867
India
9954
Indonesia
10043
Pakistan
9906
Russia
9908
US
10023
China
9867
Pakistan
9906
Russia
9908
India
9954
US
10023
Indonesia
10043
China
9867
India
1
1
1
1.000000
1
1
India
9954
Pakistan
9906
China
9867
Russia
9908
Indonesia
10043
US
10023
4164
4164
US
698
Russia
708
Pakistan
685
Indonesia
707
India
660
707
10064
10064
{"country":{"code":"US","name":"United States"},"createddate":"2019-07-02T10:01:30+00:00","first_name":"John","last_name":"Corner","type":"Owner"}
{"code":"US","name":"United States"}
"US"
2
2022-12-31
2020-02-28
2023-01-01
2020-02-29
2022-12-31 00:00:01.000000
3106-08-08 10:01:00.000000
0936-07-19 13:59:00.000000
2019-03-01
2022-12-31 00:00:00.000000
2022-12-31 08:00:00.000000+00
17:00:00.123456
23:00:00.000000
17:01:00.123456
00:00:00.000000
00:00:01.000000
17:00:00.123456
18:46:40.123456
15:13:20.123456
2022-01-01 09:00:00.000000
2021-02-28 23:59:00.000000
2021-12-31 23:59:59.000000
2021-03-01 00:00:00.000000
2022-01-02 09:00:00.000000
2022-01-01 10:01:00.000000
2022-01-01 17:00:00.000000+00
2022-01-01 17:00:00.000000+00
2022-01-01 19:00:00.000000+00
3999-12-30 12:00:59.000000+00
3999-12-31 12:00:59.000000+00
2022-01-01 15:59:59.000000+00
2022-01-01 19:00:00.000000+00
3999-12-30 12:00:59.000000+00
doe
daniel
